#-----------------------------------------------------------
# Vivado v2022.2 (64-bit)
# SW Build 3671981 on Fri Oct 14 05:00:03 MDT 2022
# IP Build 3669848 on Fri Oct 14 08:30:02 MDT 2022
# Start of session at: Sun Nov 17 20:59:07 2024
# Process ID: 23424
# Current directory: C:/Users/bfeue/Documents/Classwork/ECE 369/LAB 4-5/Lab 4-5 Project
# Command line: vivado.exe -gui_launcher_event rodinguilauncherevent62316 C:\Users\bfeue\Documents\Classwork\ECE 369\LAB 4-5\Lab 4-5 Project\Lab 4-5 Project.xpr
# Log file: C:/Users/bfeue/Documents/Classwork/ECE 369/LAB 4-5/Lab 4-5 Project/vivado.log
# Journal file: C:/Users/bfeue/Documents/Classwork/ECE 369/LAB 4-5/Lab 4-5 Project\vivado.jou
# Running On: Ben_Laptop, OS: Windows, CPU Frequency: 2688 MHz, CPU Physical cores: 10, Host memory: 16782 MB
#-----------------------------------------------------------
start_gui
open_project {C:/Users/bfeue/Documents/Classwork/ECE 369/LAB 4-5/Lab 4-5 Project/Lab 4-5 Project.xpr}
update_compile_order -fileset sources_1
close [ open {C:/Users/bfeue/Documents/Classwork/ECE 369/LAB 4-5/Lab 4-5 Project/Lab 4-5 Project.srcs/sources_1/new/ClkDiv.v} w ]
add_files {{C:/Users/bfeue/Documents/Classwork/ECE 369/LAB 4-5/Lab 4-5 Project/Lab 4-5 Project.srcs/sources_1/new/ClkDiv.v}}
update_compile_order -fileset sources_1
close [ open {C:/Users/bfeue/Documents/Classwork/ECE 369/LAB 4-5/Lab 4-5 Project/Lab 4-5 Project.srcs/sources_1/new/Two4DigitDisplay.v} w ]
add_files {{C:/Users/bfeue/Documents/Classwork/ECE 369/LAB 4-5/Lab 4-5 Project/Lab 4-5 Project.srcs/sources_1/new/Two4DigitDisplay.v}}
update_compile_order -fileset sources_1
close [ open {C:/Users/bfeue/Documents/Classwork/ECE 369/LAB 4-5/Lab 4-5 Project/Lab 4-5 Project.srcs/sources_1/new/SevenSegment.v} w ]
add_files {{C:/Users/bfeue/Documents/Classwork/ECE 369/LAB 4-5/Lab 4-5 Project/Lab 4-5 Project.srcs/sources_1/new/SevenSegment.v}}
update_compile_order -fileset sources_1
close [ open {C:/Users/bfeue/Documents/Classwork/ECE 369/LAB 4-5/Lab 4-5 Project/Lab 4-5 Project.srcs/sources_1/new/DatapathTopDesign.v} w ]
add_files {{C:/Users/bfeue/Documents/Classwork/ECE 369/LAB 4-5/Lab 4-5 Project/Lab 4-5 Project.srcs/sources_1/new/DatapathTopDesign.v}}
update_compile_order -fileset sources_1
file mkdir C:/Users/bfeue/Documents/Classwork/ECE 369/LAB 4-5/Lab 4-5 Project/Lab 4-5 Project.srcs/constrs_1
file mkdir C:/Users/bfeue/Documents/Classwork/ECE 369/LAB 4-5/Lab 4-5 Project/Lab 4-5 Project.srcs/constrs_1
file mkdir C:/Users/bfeue/Documents/Classwork/ECE 369/LAB 4-5/Lab 4-5 Project/Lab 4-5 Project.srcs/constrs_1/new
file mkdir C:/Users/bfeue/Documents/Classwork/ECE 369/LAB 4-5/Lab 4-5 Project/Lab 4-5 Project.srcs/constrs_1/new
file mkdir C:/Users/bfeue/Documents/Classwork/ECE 369/LAB 4-5/Lab 4-5 Project/Lab 4-5 Project.srcs/constrs_1/new
file mkdir C:/Users/bfeue/Documents/Classwork/ECE 369/LAB 4-5/Lab 4-5 Project/Lab 4-5 Project.srcs/constrs_1/new
file mkdir C:/Users/bfeue/Documents/Classwork/ECE 369/LAB 4-5/Lab 4-5 Project/Lab 4-5 Project.srcs/constrs_1
file mkdir {C:/Users/bfeue/Documents/Classwork/ECE 369/LAB 4-5/Lab 4-5 Project/Lab 4-5 Project.srcs/constrs_1/new}
close [ open {C:/Users/bfeue/Documents/Classwork/ECE 369/LAB 4-5/Lab 4-5 Project/Lab 4-5 Project.srcs/constrs_1/new/Two4DigitDisplay.xdc} w ]
add_files -fileset constrs_1 {{C:/Users/bfeue/Documents/Classwork/ECE 369/LAB 4-5/Lab 4-5 Project/Lab 4-5 Project.srcs/constrs_1/new/Two4DigitDisplay.xdc}}
close [ open {C:/Users/bfeue/Documents/Classwork/ECE 369/LAB 4-5/Lab 4-5 Project/Lab 4-5 Project.srcs/sources_1/new/HazardDetectionUnit.v} w ]
add_files {{C:/Users/bfeue/Documents/Classwork/ECE 369/LAB 4-5/Lab 4-5 Project/Lab 4-5 Project.srcs/sources_1/new/HazardDetectionUnit.v}}
update_compile_order -fileset sources_1
export_ip_user_files -of_objects  [get_files {{C:/Users/bfeue/Documents/Classwork/ECE 369/LAB 4-5/Lab 4-5 Project/Lab 4-5 Project.srcs/sources_1/new/HazardDetectionUnit.v}}] -no_script -reset -force -quiet
remove_files  {{C:/Users/bfeue/Documents/Classwork/ECE 369/LAB 4-5/Lab 4-5 Project/Lab 4-5 Project.srcs/sources_1/new/HazardDetectionUnit.v}}
export_ip_user_files -of_objects  [get_files {{C:/Users/bfeue/Documents/Classwork/ECE 369/LAB 4-5/Lab 4-5 Project/Lab 4-5 Project.srcs/sources_1/new/Mux32Bit4To1.v}}] -no_script -reset -force -quiet
remove_files  {{C:/Users/bfeue/Documents/Classwork/ECE 369/LAB 4-5/Lab 4-5 Project/Lab 4-5 Project.srcs/sources_1/new/Mux32Bit4To1.v}}
save_project_as {Lab 6 Project} {C:/Users/bfeue/Documents/Classwork/ECE 369/LAB 6/Lab 6 Project} -force
close [ open {C:/Users/bfeue/Documents/Classwork/ECE 369/LAB 6/Lab 6 Project/Lab 6 Project.srcs/sources_1/new/HazardDetectionUnit.v} w ]
add_files {{C:/Users/bfeue/Documents/Classwork/ECE 369/LAB 6/Lab 6 Project/Lab 6 Project.srcs/sources_1/new/HazardDetectionUnit.v}}
update_compile_order -fileset sources_1
