#-----------------------------------------------------------
# Vivado v2022.2 (64-bit)
# SW Build 3671981 on Fri Oct 14 05:00:03 MDT 2022
# IP Build 3669848 on Fri Oct 14 08:30:02 MDT 2022
# Start of session at: Thu Nov 14 14:48:40 2024
# Process ID: 40672
# Current directory: C:/Users/bfeue/Documents/Classwork/ECE 369/LAB 4-5/Lab 4-5 Project
# Command line: vivado.exe -gui_launcher_event rodinguilauncherevent34564 C:\Users\bfeue\Documents\Classwork\ECE 369\LAB 4-5\Lab 4-5 Project\Lab 4-5 Project.xpr
# Log file: C:/Users/bfeue/Documents/Classwork/ECE 369/LAB 4-5/Lab 4-5 Project/vivado.log
# Journal file: C:/Users/bfeue/Documents/Classwork/ECE 369/LAB 4-5/Lab 4-5 Project\vivado.jou
# Running On: Ben_Laptop, OS: Windows, CPU Frequency: 2688 MHz, CPU Physical cores: 10, Host memory: 16782 MB
#-----------------------------------------------------------
start_gui
open_project {C:/Users/bfeue/Documents/Classwork/ECE 369/LAB 4-5/Lab 4-5 Project/Lab 4-5 Project.xpr}
update_compile_order -fileset sources_1
launch_simulation
source Datapath_tb.tcl
current_wave_config {Untitled 1}
add_wave {{/Datapath_tb/datapath/alu_result}} 
relaunch_sim
current_wave_config {Untitled 1}
add_wave {{/Datapath_tb/datapath/write_register_out}} 
current_wave_config {Untitled 1}
add_wave {{/Datapath_tb/datapath/write_data_out}} 
relaunch_sim
relaunch_sim
synth_design -rtl -rtl_skip_mlo -name rtl_1
close_sim
